// Vitest Snapshot v1, https://vitest.dev/guide/snapshot.html

exports[`buildStyle composition > still produces the same layer id sequence after the base/console split 1`] = `
[
  "bg",
  "raster-dark",
  "raster-light",
  "raster-sat",
  "raster-terrain",
  "dark-greens",
  "dark-water",
  "world-land-fill",
  "world-land-line",
  "coverage-fill",
  "coverage-line",
  "coverage-line-hi",
  "uae-border-line",
  "uae-roads",
  "uae-places",
  "drone-trails",
  "missions-active-line",
  "missions-active-line-spot",
  "tracks-ping",
  "tracks-icons",
  "tracks-labels",
  "docks-rings",
  "docks-dots",
  "sites-dots",
  "sites-labels",
  "fx",
  "drone-leaders",
  "drones-layer",
  "drones-labels",
  "manual-wpts-dots",
  "manual-wpts-labels",
  "wizard-preview-line",
  "wizard-preview-dots",
  "wizard-preview-labels",
]
`;

exports[`buildStyle composition > still produces the same layer id sequence after the base/console split 2`] = `
[
  "carto-streets",
  "coverage",
  "docks",
  "drone-leaders",
  "drone-trails",
  "drones",
  "fx",
  "manual-wpts",
  "missions-active",
  "raster-dark",
  "raster-light",
  "raster-sat",
  "raster-terrain",
  "sites",
  "tracks",
  "uae",
  "uae-places",
  "uae-roads",
  "wizard-preview",
  "world",
]
`;
